
[1m[46m RUN [49m[22m [36mv3.2.4 [39m[90mD:/Temp/nls-vcsdiff[39m

[90mstdout[2m | src/main/app/application/managers/vcs/mergeSpike3.integration.test.ts[2m > [22m[2mR3 - does a fresh process recover after a sync[2m > [22m[2mbuilds a synced repository, or reads one a previous process left behind
[22m[39m
### R3 FRESH PROCESS AFTER SYNC
{
  "persistRoot": "D:/Temp/nls-spike-persist",
  "phase": "read",
  "read": {
    "repositoryId": "019fbf858f0c7660b83aac13eeb49d92",
    "revision": "0e3d1363785c5653b9ebb5dd45117b342b18cd91fc7147da8823055dcf37ae00",
    "treeStillReads": [
      "doc.json"
    ],
    "bytes": {
      "error": "LoreCallError: storageGet: 1/1 get items failed"
    }
  }
}

 [32m✓[39m src/main/app/application/managers/vcs/mergeSpike3.integration.test.ts [2m([22m[2m1 test[22m[2m)[22m[32m 44[2mms[22m[39m

[2m Test Files [22m [1m[32m1 passed[39m[22m[90m (1)[39m
[2m      Tests [22m [1m[32m1 passed[39m[22m[90m (1)[39m
[2m   Start at [22m 15:50:34
[2m   Duration [22m 764ms[2m (transform 173ms, setup 0ms, collect 262ms, tests 44ms, environment 0ms, prepare 217ms)[22m

