
[1m[46m RUN [49m[22m [36mv3.2.4 [39m[90mD:/Temp/nls-vcsdiff[39m

[90mstdout[2m | src/main/app/application/managers/vcs/mergeSpike2.integration.test.ts[2m > [22m[2mL0 - what a conflicted merge leaves behind[2m > [22m[2mdescribes the sidecars, every status form, and both branches' graphs
[22m[39m
### L0 CONFLICT SURFACE
{
  "setup": {
    "base": "e40c23c25447bef44a90204579186c2ad87476a57e88fd9f8688d51dad236ebb",
    "mine": "3475cd9d3cbb7f9411cede046502720931b5cddf4f6e3d2d85e2352e95cb1bcc",
    "theirs": "18730fe67cf0db03d5e6292bc944751ffbf2765fe2e9e839dec77e93d8006698"
  },
  "mergeStart": {
    "begin": {
      "branch": "019fbf8009fb72c39022449440305961",
      "revision": "18730fe67cf0db03d5e6292bc944751ffbf2765fe2e9e839dec77e93d8006698",
      "revisionNumber": 2
    },
    "end": {
      "stats": {
        "fileUpdate": 0,
        "fileUpdateTotal": 0,
        "fileDelete": 0,
        "fileDeleteTotal": 0,
        "fileAutomerge": 0,
        "fileConflict": 1,
        "bytesUpdate": 0,
        "bytesUpdateTotal": 0,
        "discoveryComplete": true
      },
      "signature": "e0f97519ddcaaad470c57b3ae402419fdd68f38341d22954266eb73fd949641c",
      "hasConflicts": true
    },
    "conflicts": [
      "doc.json"
    ]
  },
  "filesAddedByMerge": [
    "doc.json~base",
    "doc.json~mine",
    "doc.json~theirs"
  ],
  "sidecars": {
    "doc.json": {
      "exists": true,
      "byteLength": 579,
      "sha256": "4ef40070c39718bf865aafde9fe7a0eadff08a44a7a1bcb0e55daa113d5bc92b",
      "parsed": false,
      "parseError": "SyntaxError: Expected double-quoted property name in JSON at position 423 (line 25 column 1)",
      "hasMarkers": true,
      "contains": {
        "mine": true,
        "theirs": true,
        "hand": false
      }
    },
    "doc.json~base": {
      "exists": true,
      "byteLength": 463,
      "sha256": "4b21acbee4a83ae727312a1917614cea4b9b5903f9095caacdbde9ca08021aab",
      "parsed": true,
      "hasMarkers": false,
      "contains": {
        "mine": false,
        "theirs": false,
        "hand": false
      }
    },
    "doc.json~mine": {
      "exists": true,
      "byteLength": 470,
      "sha256": "fc0017d803f0359de052b05af9fb45cc28c167767e97b0402c54612f381e881a",
      "parsed": true,
      "hasMarkers": false,
      "contains": {
        "mine": true,
        "theirs": false,
        "hand": false
      }
    },
    "doc.json~theirs": {
      "exists": true,
      "byteLength": 473,
      "sha256": "d61d27790d60d35e9ab2051a5617293d9b90bf54b7e8b5e56974ccc599172e01",
      "parsed": true,
      "hasMarkers": false,
      "contains": {
        "mine": false,
        "theirs": true,
        "hand": false
      }
    }
  },
  "status": {
    "scan": [],
    "scanCheckDirty": [],
    "noScan": [],
    "paths": []
  },
  "graphs": {
    "currentBranchGraph": [
      "#1 e40c23c2",
      "#2 3475cd9d"
    ],
    "featureBranchGraph": [
      "#1 e40c23c2",
      "#2 18730fe6"
    ],
    "theirsTipInCurrentGraph": false,
    "baseFromCurrentGraph": null,
    "baseFromUnionGraph": "e40c23c25447bef44a90204579186c2ad87476a57e88fd9f8688d51dad236ebb",
    "actualBaseRevision": "e40c23c25447bef44a90204579186c2ad87476a57e88fd9f8688d51dad236ebb"
  },
  "threeWay": {
    "baseRevision": null,
    "baseAbsent": true,
    "sha256": {
      "base": null,
      "mine": "fc0017d803f0359de052b05af9fb45cc28c167767e97b0402c54612f381e881a",
      "theirs": "d61d27790d60d35e9ab2051a5617293d9b90bf54b7e8b5e56974ccc599172e01"
    }
  }
}

[90mstdout[2m | src/main/app/application/managers/vcs/mergeSpike2.integration.test.ts[2m > [22m[2mL1 - branchMergeResolve with hand-written bytes[2m > [22m[2mwrites a third answer, resolves, commits and reads it back
[22m[39m
### L1 RESOLVE (HAND-WRITTEN)
{
  "verb": "resolve",
  "handWritten": true,
  "mergeStart": {
    "begin": {
      "branch": "019fbf80137a7fc0997545af23e3249e",
      "revision": "268e0cfcdff3bf5ec5ce8e3e7c7590d737bed8b351882681826e74570152367a",
      "revisionNumber": 2
    },
    "end": {
      "stats": {
        "fileUpdate": 0,
        "fileUpdateTotal": 0,
        "fileDelete": 0,
        "fileDeleteTotal": 0,
        "fileAutomerge": 0,
        "fileConflict": 1,
        "bytesUpdate": 0,
        "bytesUpdateTotal": 0,
        "discoveryComplete": true
      },
      "signature": "0e6c49774f211dad095aa27a29cbfc102703c85d632f1353ad169bfaab02a95e",
      "hasConflicts": true
    },
    "conflicts": [
      "doc.json"
    ]
  },
  "wrote": {
    "sha256": "ea3d053af1f2d525b5e7847f2faf2a9f188f082342e636c5e40c515c90c37bc8"
  },
  "resolveResult": {
    "files": [
      "doc.json"
    ],
    "revision": {
      "repository": "019fbf8012c87161bc953b5465d0e0eb",
      "revision": "ae02fe14e7243a2246b862626bddcd439eebb487070f3a5df818fe13f1eeba1c"
    }
  },
  "afterResolve": {
    "document": {
      "exists": true,
      "byteLength": 482,
      "sha256": "ea3d053af1f2d525b5e7847f2faf2a9f188f082342e636c5e40c515c90c37bc8",
      "parsed": true,
      "hasMarkers": false,
      "contains": {
        "mine": false,
        "theirs": false,
        "hand": true
      }
    },
    "sidecarsStillPresent": [
      "~base",
      "~mine",
      "~theirs"
    ]
  },
  "beforeCommit": {
    "revision": "69621140ab4079dcd745ba1d67adf93a8dc1179b9ee151cc84df351085beb923",
    "revisionStaged": "ae02fe14e7243a2246b862626bddcd439eebb487070f3a5df818fe13f1eeba1c",
    "revisionMerged": "268e0cfcdff3bf5ec5ce8e3e7c7590d737bed8b351882681826e74570152367a"
  },
  "commitWithoutStageMerge": {
    "repository": "019fbf8012c87161bc953b5465d0e0eb",
    "branch": "e726318bbc3fd75ac8733a7e030cc35b",
    "revision": "95ef1ec33c9330e589a9eabe49a909a2d5c1c8c4da2ce5ce61e4fbeaaa5281d5",
    "revisionNumber": 3,
    "parents": [
      "69621140ab4079dcd745ba1d67adf93a8dc1179b9ee151cc84df351085beb923",
      "268e0cfcdff3bf5ec5ce8e3e7c7590d737bed8b351882681826e74570152367a"
    ]
  },
  "afterCommit": {
    "document": {
      "exists": true,
      "byteLength": 482,
      "sha256": "ea3d053af1f2d525b5e7847f2faf2a9f188f082342e636c5e40c515c90c37bc8",
      "parsed": true,
      "hasMarkers": false,
      "contains": {
        "mine": false,
        "theirs": false,
        "hand": true
      }
    }
  },
  "mergeRevision": {
    "revision": "95ef1ec33c9330e589a9eabe49a909a2d5c1c8c4da2ce5ce61e4fbeaaa5281d5",
    "parents": [
      "69621140ab4079dcd745ba1d67adf93a8dc1179b9ee151cc84df351085beb923",
      "268e0cfcdff3bf5ec5ce8e3e7c7590d737bed8b351882681826e74570152367a"
    ],
    "parentCount": 2,
    "parent0IsLocalTip": true,
    "parent0IsIncomingTip": false
  },
  "committedTree": {
    "paths": [
      "doc.json"
    ],
    "sidecarsCommitted": [],
    "document": {
      "byteLength": 482,
      "sha256": "ea3d053af1f2d525b5e7847f2faf2a9f188f082342e636c5e40c515c90c37bc8",
      "identicalToHandWritten": true,
      "identicalToMine": false,
      "identicalToTheirs": false,
      "text": "{\n  \"blocks\": [\n    {\n      \"id\": \"b-001\",\n      \"speaker\": \"alice\",\n      \"text\": \"The lamps were still lit when we arrived.\"\n    },\n    {\n      \"id\": \"b-002\",\n      \"speaker\": \"bob\",\n      \"text\": \"Nobody had thought to put them out.\"\n    }\n  ],\n  \"characters\": {\n    \"alice\": {\n      \"color\": \"#c0ffee\",\n      \"displayName\": \"Alice\"\n    }\n  },\n  \"id\": \"scene-prologue\",\n  \"kind\": \"story\",\n  \"tags\": [\n    \"opening\"\n  ],\n  \"title\": \"Prologue (resolved by hand)\",\n  \"version\": 7\n}\n"
    }
  }
}

[90mstdout[2m | src/main/app/application/managers/vcs/mergeSpike2.integration.test.ts[2m > [22m[2mL2 - branchMergeResolveMine alone[2m > [22m[2mtakes our side and reports what reached the revision
[22m[39m
### L2 RESOLVE MINE
{
  "verb": "mine",
  "handWritten": false,
  "mergeStart": {
    "begin": {
      "branch": "019fbf801ce17193a05557b99eab1381",
      "revision": "50e23a561e2bc9de85de1969b1ffcabcd0414816ca029384166ed379b166f267",
      "revisionNumber": 2
    },
    "end": {
      "stats": {
        "fileUpdate": 0,
        "fileUpdateTotal": 0,
        "fileDelete": 0,
        "fileDeleteTotal": 0,
        "fileAutomerge": 0,
        "fileConflict": 1,
        "bytesUpdate": 0,
        "bytesUpdateTotal": 0,
        "discoveryComplete": true
      },
      "signature": "9c39aaf4bc463b5b94cab945b210f95e2d2cd247a58fa9627be6679744520319",
      "hasConflicts": true
    },
    "conflicts": [
      "doc.json"
    ]
  },
  "resolveResult": {
    "files": []
  },
  "afterResolve": {
    "document": {
      "exists": true,
      "byteLength": 470,
      "sha256": "fc0017d803f0359de052b05af9fb45cc28c167767e97b0402c54612f381e881a",
      "parsed": true,
      "hasMarkers": false,
      "contains": {
        "mine": true,
        "theirs": false,
        "hand": false
      }
    },
    "sidecarsStillPresent": [
      "~base",
      "~mine",
      "~theirs"
    ]
  },
  "beforeCommit": {
    "revision": "63e070281ba339c4f1ceb96526cb313dbe58c9e24f6e07018aa0d07a52728c58",
    "revisionStaged": "ee4ffc019f9612940c602706265cf934ed2da919e0db343ec07db60155624a03",
    "revisionMerged": "50e23a561e2bc9de85de1969b1ffcabcd0414816ca029384166ed379b166f267"
  },
  "commitWithoutStageMerge": {
    "repository": "019fbf801c19758183959c4ea88c0178",
    "branch": "e726318bbc3fd75ac8733a7e030cc35b",
    "revision": "10599a8584ff4dda884bea56eb980080cdbbab70712f93fb76fc494a134f3139",
    "revisionNumber": 3,
    "parents": [
      "63e070281ba339c4f1ceb96526cb313dbe58c9e24f6e07018aa0d07a52728c58",
      "50e23a561e2bc9de85de1969b1ffcabcd0414816ca029384166ed379b166f267"
    ]
  },
  "afterCommit": {
    "document": {
      "exists": true,
      "byteLength": 470,
      "sha256": "fc0017d803f0359de052b05af9fb45cc28c167767e97b0402c54612f381e881a",
      "parsed": true,
      "hasMarkers": false,
      "contains": {
        "mine": true,
        "theirs": false,
        "hand": false
      }
    }
  },
  "mergeRevision": {
    "revision": "10599a8584ff4dda884bea56eb980080cdbbab70712f93fb76fc494a134f3139",
    "parents": [
      "63e070281ba339c4f1ceb96526cb313dbe58c9e24f6e07018aa0d07a52728c58",
      "50e23a561e2bc9de85de1969b1ffcabcd0414816ca029384166ed379b166f267"
    ],
    "parentCount": 2,
    "parent0IsLocalTip": true,
    "parent0IsIncomingTip": false
  },
  "committedTree": {
    "paths": [
      "doc.json"
    ],
    "sidecarsCommitted": [],
    "document": {
      "byteLength": 470,
      "sha256": "fc0017d803f0359de052b05af9fb45cc28c167767e97b0402c54612f381e881a",
      "identicalToHandWritten": false,
      "identicalToMine": true,
      "identicalToTheirs": false,
      "text": "{\n  \"blocks\": [\n    {\n      \"id\": \"b-001\",\n      \"speaker\": \"alice\",\n      \"text\": \"The lamps were still lit when we arrived.\"\n    },\n    {\n      \"id\": \"b-002\",\n      \"speaker\": \"bob\",\n      \"text\": \"Nobody had thought to put them out.\"\n    }\n  ],\n  \"characters\": {\n    \"alice\": {\n      \"color\": \"#c0ffee\",\n      \"displayName\": \"Alice\"\n    }\n  },\n  \"id\": \"scene-prologue\",\n  \"kind\": \"story\",\n  \"tags\": [\n    \"opening\"\n  ],\n  \"title\": \"Prologue (main)\",\n  \"version\": 7\n}\n"
    }
  }
}

[90mstdout[2m | src/main/app/application/managers/vcs/mergeSpike2.integration.test.ts[2m > [22m[2mL3 - branchMergeResolveTheirs alone[2m > [22m[2mtakes their side and reports what reached the revision
[22m[39m
### L3 RESOLVE THEIRS
{
  "verb": "theirs",
  "handWritten": false,
  "mergeStart": {
    "begin": {
      "branch": "019fbf80263f7d12898c937098944a4a",
      "revision": "695f480c0be969193906ba4312a3ced1349279e8bc9fdeab38b0904440e00b08",
      "revisionNumber": 2
    },
    "end": {
      "stats": {
        "fileUpdate": 0,
        "fileUpdateTotal": 0,
        "fileDelete": 0,
        "fileDeleteTotal": 0,
        "fileAutomerge": 0,
        "fileConflict": 1,
        "bytesUpdate": 0,
        "bytesUpdateTotal": 0,
        "discoveryComplete": true
      },
      "signature": "486b68af4c1a748c918ff91d4e3de93da75bc360e8e5457e007b740718289ca8",
      "hasConflicts": true
    },
    "conflicts": [
      "doc.json"
    ]
  },
  "resolveResult": {
    "files": []
  },
  "afterResolve": {
    "document": {
      "exists": true,
      "byteLength": 473,
      "sha256": "d61d27790d60d35e9ab2051a5617293d9b90bf54b7e8b5e56974ccc599172e01",
      "parsed": true,
      "hasMarkers": false,
      "contains": {
        "mine": false,
        "theirs": true,
        "hand": false
      }
    },
    "sidecarsStillPresent": [
      "~base",
      "~mine",
      "~theirs"
    ]
  },
  "beforeCommit": {
    "revision": "43781f607a1da4c0552d533b27595c477463e1b9f848229c730ffefd79af218e",
    "revisionStaged": "f700e2d9a9801387df5d2cda1cc5318c8a67bc737afa1da926cd41c9dd85404e",
    "revisionMerged": "695f480c0be969193906ba4312a3ced1349279e8bc9fdeab38b0904440e00b08"
  },
  "commitWithoutStageMerge": {
    "repository": "019fbf8025787983af8942ca77d7c0b4",
    "branch": "e726318bbc3fd75ac8733a7e030cc35b",
    "revision": "1649cc3142a9f013aff5b9d95a899e6965eaf0c590199560174655e4fd3f4e3a",
    "revisionNumber": 3,
    "parents": [
      "43781f607a1da4c0552d533b27595c477463e1b9f848229c730ffefd79af218e",
      "695f480c0be969193906ba4312a3ced1349279e8bc9fdeab38b0904440e00b08"
    ]
  },
  "afterCommit": {
    "document": {
      "exists": true,
      "byteLength": 473,
      "sha256": "d61d27790d60d35e9ab2051a5617293d9b90bf54b7e8b5e56974ccc599172e01",
      "parsed": true,
      "hasMarkers": false,
      "contains": {
        "mine": false,
        "theirs": true,
        "hand": false
      }
    }
  },
  "mergeRevision": {
    "revision": "1649cc3142a9f013aff5b9d95a899e6965eaf0c590199560174655e4fd3f4e3a",
    "parents": [
      "43781f607a1da4c0552d533b27595c477463e1b9f848229c730ffefd79af218e",
      "695f480c0be969193906ba4312a3ced1349279e8bc9fdeab38b0904440e00b08"
    ],
    "parentCount": 2,
    "parent0IsLocalTip": true,
    "parent0IsIncomingTip": false
  },
  "committedTree": {
    "paths": [
      "doc.json"
    ],
    "sidecarsCommitted": [],
    "document": {
      "byteLength": 473,
      "sha256": "d61d27790d60d35e9ab2051a5617293d9b90bf54b7e8b5e56974ccc599172e01",
      "identicalToHandWritten": false,
      "identicalToMine": false,
      "identicalToTheirs": true,
      "text": "{\n  \"blocks\": [\n    {\n      \"id\": \"b-001\",\n      \"speaker\": \"alice\",\n      \"text\": \"The lamps were still lit when we arrived.\"\n    },\n    {\n      \"id\": \"b-002\",\n      \"speaker\": \"bob\",\n      \"text\": \"Nobody had thought to put them out.\"\n    }\n  ],\n  \"characters\": {\n    \"alice\": {\n      \"color\": \"#c0ffee\",\n      \"displayName\": \"Alice\"\n    }\n  },\n  \"id\": \"scene-prologue\",\n  \"kind\": \"story\",\n  \"tags\": [\n    \"opening\"\n  ],\n  \"title\": \"Prologue (feature)\",\n  \"version\": 7\n}\n"
    }
  }
}

[90mstdout[2m | src/main/app/application/managers/vcs/mergeSpike2.integration.test.ts[2m > [22m[2mR1 - resolving a sync conflict[2m > [22m[2mnames every event the sync emits, then resolves with hand-written bytes
[22m[39m
### R1 SYNC CONFLICT RESOLVE
{
  "server": "lore://127.0.0.1:41337/m2-r1-msayl9vo",
  "setup": {
    "repositoryId": "019fbf802f457fa2b45417dabef8c708",
    "base": "e066175ade35693493751f19e28e0ce220a0363d7667ac6c4be20ab0d53fdce0"
  },
  "clone": {
    "branch": "main",
    "revision": "edd4f232dbccdebf4144ffc30b880f9a98dbfca2304d0e437a084cb0b0305b2f"
  },
  "author": {
    "revision": "c9486b9da5ec2379660cc090c466ced80f306ab26d1d494430ac2b8d372d4031"
  },
  "sync": {
    "eventCount": 13
  },
  "syncTagHistogram": {
    "2": 1,
    "5": 1,
    "29": 1,
    "44": 1,
    "45": 1,
    "176": 1,
    "177": 1,
    "178": 5,
    "179": 1
  },
  "syncEventsNamingAPath": [
    "177:doc.json",
    "29:doc.json"
  ],
  "filesAddedBySync": [
    "doc.json~base",
    "doc.json~mine",
    "doc.json~theirs"
  ],
  "sidecars": {
    "doc.json": {
      "exists": true,
      "byteLength": 579,
      "sha256": "4ef40070c39718bf865aafde9fe7a0eadff08a44a7a1bcb0e55daa113d5bc92b",
      "parsed": false,
      "parseError": "SyntaxError: Expected double-quoted property name in JSON at position 423 (line 25 column 1)",
      "hasMarkers": true,
      "contains": {
        "mine": true,
        "theirs": true,
        "hand": false
      }
    },
    "doc.json~base": {
      "exists": true,
      "byteLength": 463,
      "sha256": "4b21acbee4a83ae727312a1917614cea4b9b5903f9095caacdbde9ca08021aab",
      "parsed": true,
      "hasMarkers": false,
      "contains": {
        "mine": false,
        "theirs": false,
        "hand": false
      }
    },
    "doc.json~mine": {
      "exists": true,
      "byteLength": 470,
      "sha256": "fc0017d803f0359de052b05af9fb45cc28c167767e97b0402c54612f381e881a",
      "parsed": true,
      "hasMarkers": false,
      "contains": {
        "mine": true,
        "theirs": false,
        "hand": false
      }
    },
    "doc.json~theirs": {
      "exists": true,
      "byteLength": 473,
      "sha256": "d61d27790d60d35e9ab2051a5617293d9b90bf54b7e8b5e56974ccc599172e01",
      "parsed": true,
      "hasMarkers": false,
      "contains": {
        "mine": false,
        "theirs": true,
        "hand": false
      }
    }
  },
  "status": {
    "scanCheckDirty": []
  },
  "resolveResult": {
    "files": [
      "doc.json"
    ],
    "revision": {
      "repository": "019fbf802f457fa2b45417dabef8c708",
      "revision": "346d40eaf4c65381247f960d3f94383e180870fe911fabd54b19562437d3dd41"
    }
  },
  "afterResolve": {
    "document": {
      "exists": true,
      "byteLength": 482,
      "sha256": "ea3d053af1f2d525b5e7847f2faf2a9f188f082342e636c5e40c515c90c37bc8",
      "parsed": true,
      "hasMarkers": false,
      "contains": {
        "mine": false,
        "theirs": false,
        "hand": true
      }
    }
  },
  "commitWithoutStageMerge": {
    "repository": "019fbf802f457fa2b45417dabef8c708",
    "branch": "e726318bbc3fd75ac8733a7e030cc35b",
    "revision": "c5c87107f6f192da7d774cffd7885d7fe5e42efcf1de125e620cfb8704424184",
    "revisionNumber": 3,
    "parents": [
      "edd4f232dbccdebf4144ffc30b880f9a98dbfca2304d0e437a084cb0b0305b2f",
      "c9486b9da5ec2379660cc090c466ced80f306ab26d1d494430ac2b8d372d4031"
    ]
  },
  "afterCommit": {
    "document": {
      "exists": true,
      "byteLength": 482,
      "sha256": "ea3d053af1f2d525b5e7847f2faf2a9f188f082342e636c5e40c515c90c37bc8",
      "parsed": true,
      "hasMarkers": false,
      "contains": {
        "mine": false,
        "theirs": false,
        "hand": true
      }
    }
  },
  "mergeRevision": {
    "revision": "c5c87107f6f192da7d774cffd7885d7fe5e42efcf1de125e620cfb8704424184",
    "parents": [
      "edd4f232dbccdebf4144ffc30b880f9a98dbfca2304d0e437a084cb0b0305b2f",
      "c9486b9da5ec2379660cc090c466ced80f306ab26d1d494430ac2b8d372d4031"
    ],
    "parent0IsLocalTip": false,
    "parent0IsIncomingTip": true
  },
  "committedTree": {
    "error": "LoreCallError: storageGet: 1/1 get items failed code=-1"
  }
}

 [32m✓[39m src/main/app/application/managers/vcs/mergeSpike2.integration.test.ts [2m([22m[2m5 tests[22m[2m)[22m[33m 10772[2mms[22m[39m
   [33m[2m✓[22m[39m L0 - what a conflicted merge leaves behind[2m > [22mdescribes the sidecars, every status form, and both branches' graphs [33m 2458[2mms[22m[39m
   [33m[2m✓[22m[39m L1 - branchMergeResolve with hand-written bytes[2m > [22mwrites a third answer, resolves, commits and reads it back [33m 2385[2mms[22m[39m
   [33m[2m✓[22m[39m L2 - branchMergeResolveMine alone[2m > [22mtakes our side and reports what reached the revision [33m 2400[2mms[22m[39m
   [33m[2m✓[22m[39m L3 - branchMergeResolveTheirs alone[2m > [22mtakes their side and reports what reached the revision [33m 2509[2mms[22m[39m
   [33m[2m✓[22m[39m R1 - resolving a sync conflict[2m > [22mnames every event the sync emits, then resolves with hand-written bytes [33m 806[2mms[22m[39m

[2m Test Files [22m [1m[32m1 passed[39m[22m[90m (1)[39m
[2m      Tests [22m [1m[32m5 passed[39m[22m[90m (5)[39m
[2m   Start at [22m 15:44:26
[2m   Duration [22m 11.44s[2m (transform 102ms, setup 0ms, collect 239ms, tests 10.77s, environment 0ms, prepare 186ms)[22m

