
[1m[46m RUN [49m[22m [36mv3.2.4 [39m[90mD:/Temp/nls-vcsdiff[39m

[90mstdout[2m | src/main/app/application/managers/vcs/mergeSpike2.integration.test.ts[2m > [22m[2mR1 - resolving a sync conflict[2m > [22m[2mnames every event the sync emits, then resolves with hand-written bytes
[22m[39m
### R1 SYNC CONFLICT RESOLVE
{
  "server": "lore://127.0.0.1:41337/m2-r1-msayn6os",
  "setup": {
    "repositoryId": "019fbf818ba671a280081cf13a3a7bab",
    "base": "7e3ba5a97f612af0a8c40610af549280019a99aa514289e1fd984be2526a656f"
  },
  "clone": {
    "branch": "main",
    "revision": "c875f1cf0a7b9996d1d9f6720ca0982e3c90ecc11694f4f624f3615e1ef5a112"
  },
  "author": {
    "revision": "3db0caa66aadae50e3f48557159fda9175f3c362f6f4a7c5cc838d633978dc50"
  },
  "sync": {
    "eventCount": 13
  },
  "syncTagHistogram": {
    "2": 1,
    "5": 1,
    "29": 1,
    "44": 1,
    "45": 1,
    "176": 1,
    "177": 1,
    "178": 5,
    "179": 1
  },
  "syncEventsNamingAPath": [
    "177:doc.json",
    "29:doc.json"
  ],
  "filesAddedBySync": [
    "doc.json~base",
    "doc.json~mine",
    "doc.json~theirs"
  ],
  "sidecars": {
    "doc.json": {
      "exists": true,
      "byteLength": 579,
      "sha256": "4ef40070c39718bf865aafde9fe7a0eadff08a44a7a1bcb0e55daa113d5bc92b",
      "parsed": false,
      "parseError": "SyntaxError: Expected double-quoted property name in JSON at position 423 (line 25 column 1)",
      "hasMarkers": true,
      "contains": {
        "mine": true,
        "theirs": true,
        "hand": false
      }
    },
    "doc.json~base": {
      "exists": true,
      "byteLength": 463,
      "sha256": "4b21acbee4a83ae727312a1917614cea4b9b5903f9095caacdbde9ca08021aab",
      "parsed": true,
      "hasMarkers": false,
      "contains": {
        "mine": false,
        "theirs": false,
        "hand": false
      }
    },
    "doc.json~mine": {
      "exists": true,
      "byteLength": 470,
      "sha256": "fc0017d803f0359de052b05af9fb45cc28c167767e97b0402c54612f381e881a",
      "parsed": true,
      "hasMarkers": false,
      "contains": {
        "mine": true,
        "theirs": false,
        "hand": false
      }
    },
    "doc.json~theirs": {
      "exists": true,
      "byteLength": 473,
      "sha256": "d61d27790d60d35e9ab2051a5617293d9b90bf54b7e8b5e56974ccc599172e01",
      "parsed": true,
      "hasMarkers": false,
      "contains": {
        "mine": false,
        "theirs": true,
        "hand": false
      }
    }
  },
  "status": {
    "scanCheckDirty": []
  },
  "resolveResult": {
    "files": [
      "doc.json"
    ],
    "revision": {
      "repository": "019fbf818ba671a280081cf13a3a7bab",
      "revision": "25d2629465b7054a9a5188e8612933b3a0b57cbf364ac63479e43c5bcc532903"
    }
  },
  "afterResolve": {
    "document": {
      "exists": true,
      "byteLength": 482,
      "sha256": "ea3d053af1f2d525b5e7847f2faf2a9f188f082342e636c5e40c515c90c37bc8",
      "parsed": true,
      "hasMarkers": false,
      "contains": {
        "mine": false,
        "theirs": false,
        "hand": true
      }
    }
  },
  "commitWithoutStageMerge": {
    "repository": "019fbf818ba671a280081cf13a3a7bab",
    "branch": "e726318bbc3fd75ac8733a7e030cc35b",
    "revision": "da80149ea7238ec8dca05bba8388cd63ea1f4fbf25b4633557c762f3806ec388",
    "revisionNumber": 3,
    "parents": [
      "c875f1cf0a7b9996d1d9f6720ca0982e3c90ecc11694f4f624f3615e1ef5a112",
      "3db0caa66aadae50e3f48557159fda9175f3c362f6f4a7c5cc838d633978dc50"
    ]
  },
  "afterCommit": {
    "document": {
      "exists": true,
      "byteLength": 482,
      "sha256": "ea3d053af1f2d525b5e7847f2faf2a9f188f082342e636c5e40c515c90c37bc8",
      "parsed": true,
      "hasMarkers": false,
      "contains": {
        "mine": false,
        "theirs": false,
        "hand": true
      }
    }
  },
  "mergeRevision": {
    "revision": "da80149ea7238ec8dca05bba8388cd63ea1f4fbf25b4633557c762f3806ec388",
    "parents": [
      "c875f1cf0a7b9996d1d9f6720ca0982e3c90ecc11694f4f624f3615e1ef5a112",
      "3db0caa66aadae50e3f48557159fda9175f3c362f6f4a7c5cc838d633978dc50"
    ],
    "parent0IsLocalTip": false,
    "parent0IsIncomingTip": true
  },
  "readMergeRevisionOffline": {
    "error": "LoreCallError: storageGet: 1/1 get items failed code=-1"
  },
  "readMergeRevisionOnline": {
    "error": "LoreCallError: storageGet: 1/1 get items failed code=-1"
  },
  "readOwnCommitOffline": {
    "error": "LoreCallError: storageGet: 1/1 get items failed code=-1"
  }
}

 [32m✓[39m src/main/app/application/managers/vcs/mergeSpike2.integration.test.ts [2m([22m[2m5 tests[22m[2m | [22m[33m4 skipped[39m[2m)[22m[33m 802[2mms[22m[39m
   [33m[2m✓[22m[39m R1 - resolving a sync conflict[2m > [22mnames every event the sync emits, then resolves with hand-written bytes [33m 758[2mms[22m[39m

[2m Test Files [22m [1m[32m1 passed[39m[22m[90m (1)[39m
[2m      Tests [22m [1m[32m1 passed[39m[22m[2m | [22m[33m4 skipped[39m[90m (5)[39m
[2m   Start at [22m 15:46:05
[2m   Duration [22m 1.51s[2m (transform 135ms, setup 0ms, collect 292ms, tests 802ms, environment 0ms, prepare 133ms)[22m

